{"__type":"$$EventMessageAudit","id":"64768061-6e98-4b86-b5af-854991b3b4ef","ts":"2026-05-26T19:44:29.830+00:00","eventName":"n8n.audit.workflow.archived","message":"n8n.audit.workflow.archived","payload":{"userId":"9da8da33-6aad-4ef3-9d60-61ace0004709","_email":"desarrollomegatech@gmail.com","_firstName":"MegaTech","_lastName":"Software","globalRole":"global:owner","workflowId":"XY0I7FKYwmikYc73"}}
{"__type":"$$EventMessageConfirm","confirm":"64768061-6e98-4b86-b5af-854991b3b4ef","ts":"2026-05-26T19:44:29.831+00:00","source":{"id":"0","name":"eventBus"}}
{"__type":"$$EventMessageAudit","id":"73b446b3-9444-49fe-bbb2-2f8016a692da","ts":"2026-05-26T19:44:38.384+00:00","eventName":"n8n.audit.workflow.archived","message":"n8n.audit.workflow.archived","payload":{"userId":"9da8da33-6aad-4ef3-9d60-61ace0004709","_email":"desarrollomegatech@gmail.com","_firstName":"MegaTech","_lastName":"Software","globalRole":"global:owner","workflowId":"ztvDUgCG40WAFnDk"}}
{"__type":"$$EventMessageConfirm","confirm":"73b446b3-9444-49fe-bbb2-2f8016a692da","ts":"2026-05-26T19:44:38.384+00:00","source":{"id":"0","name":"eventBus"}}
{"__type":"$$EventMessageAudit","id":"491cf78d-597b-44c5-842c-cf25856a9807","ts":"2026-05-26T19:46:15.466+00:00","eventName":"n8n.audit.workflow.updated","message":"n8n.audit.workflow.updated","payload":{"userId":"9da8da33-6aad-4ef3-9d60-61ace0004709","_email":"desarrollomegatech@gmail.com","_firstName":"MegaTech","_lastName":"Software","globalRole":"global:owner","workflowId":"Em7tKDGUXxBu9x88","workflowName":"Certificados EPS Simple"}}
{"__type":"$$EventMessageConfirm","confirm":"491cf78d-597b-44c5-842c-cf25856a9807","ts":"2026-05-26T19:46:15.467+00:00","source":{"id":"0","name":"eventBus"}}
{"__type":"$$EventMessageAudit","id":"7f117d2c-2246-4895-8e82-46e244c1ff18","ts":"2026-05-26T15:49:32.750-04:00","eventName":"n8n.audit.workflow.updated","message":"n8n.audit.workflow.updated","payload":{"userId":"9da8da33-6aad-4ef3-9d60-61ace0004709","_email":"desarrollomegatech@gmail.com","_firstName":"MegaTech","_lastName":"Software","globalRole":"global:owner","workflowId":"Em7tKDGUXxBu9x88","workflowName":"Certificados EPS Simple"}}
{"__type":"$$EventMessageConfirm","confirm":"7f117d2c-2246-4895-8e82-46e244c1ff18","ts":"2026-05-26T15:49:32.750-04:00","source":{"id":"0","name":"eventBus"}}
{"__type":"$$EventMessageWorkflow","id":"4f0a438b-0daa-44f4-b83b-cdff273a9df5","ts":"2026-05-26T15:51:32.154-04:00","eventName":"n8n.workflow.started","message":"n8n.workflow.started","payload":{"executionId":"503","workflowId":"Em7tKDGUXxBu9x88","isManual":false,"workflowName":"Certificados EPS Simple"}}
{"__type":"$$EventMessageConfirm","confirm":"4f0a438b-0daa-44f4-b83b-cdff273a9df5","ts":"2026-05-26T15:51:32.154-04:00","source":{"id":"0","name":"eventBus"}}
{"__type":"$$EventMessageNode","id":"6fbd695e-26f4-4419-962f-07326cfe82f9","ts":"2026-05-26T15:51:32.158-04:00","eventName":"n8n.node.started","message":"n8n.node.started","payload":{"workflowId":"Em7tKDGUXxBu9x88","workflowName":"Certificados EPS Simple","executionId":"503","nodeType":"n8n-nodes-base.formTrigger","nodeName":"Formulario de Inicio","nodeId":"bd82c9f7-40f1-4606-b8c8-3867bf81985e"}}
{"__type":"$$EventMessageConfirm","confirm":"6fbd695e-26f4-4419-962f-07326cfe82f9","ts":"2026-05-26T15:51:32.159-04:00","source":{"id":"0","name":"eventBus"}}
{"__type":"$$EventMessageNode","id":"7bbaac58-3ce9-4e5e-bf4e-2d277fb39e5e","ts":"2026-05-26T15:51:32.164-04:00","eventName":"n8n.node.finished","message":"n8n.node.finished","payload":{"workflowId":"Em7tKDGUXxBu9x88","workflowName":"Certificados EPS Simple","executionId":"503","nodeType":"n8n-nodes-base.formTrigger","nodeName":"Formulario de Inicio","nodeId":"bd82c9f7-40f1-4606-b8c8-3867bf81985e"}}
{"__type":"$$EventMessageConfirm","confirm":"7bbaac58-3ce9-4e5e-bf4e-2d277fb39e5e","ts":"2026-05-26T15:51:32.164-04:00","source":{"id":"0","name":"eventBus"}}
{"__type":"$$EventMessageNode","id":"5aad4f90-d9a7-4acb-a397-4ca9f005f520","ts":"2026-05-26T15:51:32.168-04:00","eventName":"n8n.node.started","message":"n8n.node.started","payload":{"workflowId":"Em7tKDGUXxBu9x88","workflowName":"Certificados EPS Simple","executionId":"503","nodeType":"n8n-nodes-base.form","nodeName":"Inicio del Flujo","nodeId":"cedd454b-9de2-405c-b3b6-d001e96cd9e5"}}
{"__type":"$$EventMessageConfirm","confirm":"5aad4f90-d9a7-4acb-a397-4ca9f005f520","ts":"2026-05-26T15:51:32.168-04:00","source":{"id":"0","name":"eventBus"}}
{"__type":"$$EventMessageNode","id":"12309faf-5332-432e-a938-d4cd1ba842e5","ts":"2026-05-26T15:51:32.190-04:00","eventName":"n8n.node.finished","message":"n8n.node.finished","payload":{"workflowId":"Em7tKDGUXxBu9x88","workflowName":"Certificados EPS Simple","executionId":"503","nodeType":"n8n-nodes-base.form","nodeName":"Inicio del Flujo","nodeId":"cedd454b-9de2-405c-b3b6-d001e96cd9e5"}}
{"__type":"$$EventMessageConfirm","confirm":"12309faf-5332-432e-a938-d4cd1ba842e5","ts":"2026-05-26T15:51:32.190-04:00","source":{"id":"0","name":"eventBus"}}
{"__type":"$$EventMessageNode","id":"f55c4a28-ead9-4256-9729-4d4a3103a746","ts":"2026-05-26T15:51:33.525-04:00","eventName":"n8n.node.started","message":"n8n.node.started","payload":{"workflowId":"Em7tKDGUXxBu9x88","workflowName":"Certificados EPS Simple","executionId":"503","nodeType":"n8n-nodes-base.form","nodeName":"Inicio del Flujo","nodeId":"cedd454b-9de2-405c-b3b6-d001e96cd9e5"}}
{"__type":"$$EventMessageConfirm","confirm":"f55c4a28-ead9-4256-9729-4d4a3103a746","ts":"2026-05-26T15:51:33.525-04:00","source":{"id":"0","name":"eventBus"}}
{"__type":"$$EventMessageNode","id":"4f515575-2375-4c57-bd98-61da3eeccbf7","ts":"2026-05-26T15:51:33.527-04:00","eventName":"n8n.node.finished","message":"n8n.node.finished","payload":{"workflowId":"Em7tKDGUXxBu9x88","workflowName":"Certificados EPS Simple","executionId":"503","nodeType":"n8n-nodes-base.form","nodeName":"Inicio del Flujo","nodeId":"cedd454b-9de2-405c-b3b6-d001e96cd9e5"}}
{"__type":"$$EventMessageConfirm","confirm":"4f515575-2375-4c57-bd98-61da3eeccbf7","ts":"2026-05-26T15:51:33.527-04:00","source":{"id":"0","name":"eventBus"}}
{"__type":"$$EventMessageNode","id":"0edb834b-b27e-45d8-8676-bd4e0b73348c","ts":"2026-05-26T15:51:33.528-04:00","eventName":"n8n.node.started","message":"n8n.node.started","payload":{"workflowId":"Em7tKDGUXxBu9x88","workflowName":"Certificados EPS Simple","executionId":"503","nodeType":"n8n-nodes-base.httpRequest","nodeName":"Login MegaTech","nodeId":"2ad6f6a9-4b8c-4d5b-879f-9fb39a405059"}}
{"__type":"$$EventMessageConfirm","confirm":"0edb834b-b27e-45d8-8676-bd4e0b73348c","ts":"2026-05-26T15:51:33.528-04:00","source":{"id":"0","name":"eventBus"}}
{"__type":"$$EventMessageNode","id":"e6579408-a8b2-4d9b-8a32-648abde21425","ts":"2026-05-26T15:51:34.280-04:00","eventName":"n8n.node.finished","message":"n8n.node.finished","payload":{"workflowId":"Em7tKDGUXxBu9x88","workflowName":"Certificados EPS Simple","executionId":"503","nodeType":"n8n-nodes-base.httpRequest","nodeName":"Login MegaTech","nodeId":"2ad6f6a9-4b8c-4d5b-879f-9fb39a405059"}}
{"__type":"$$EventMessageConfirm","confirm":"e6579408-a8b2-4d9b-8a32-648abde21425","ts":"2026-05-26T15:51:34.281-04:00","source":{"id":"0","name":"eventBus"}}
{"__type":"$$EventMessageNode","id":"b574366d-bb5c-44a9-8c63-d942ccb42073","ts":"2026-05-26T15:51:34.282-04:00","eventName":"n8n.node.started","message":"n8n.node.started","payload":{"workflowId":"Em7tKDGUXxBu9x88","workflowName":"Certificados EPS Simple","executionId":"503","nodeType":"n8n-nodes-base.set","nodeName":"Fecha Proceso","nodeId":"4f629886-24c9-47de-b516-4025116a4efb"}}
{"__type":"$$EventMessageConfirm","confirm":"b574366d-bb5c-44a9-8c63-d942ccb42073","ts":"2026-05-26T15:51:34.282-04:00","source":{"id":"0","name":"eventBus"}}
{"__type":"$$EventMessageNode","id":"53b4d1ba-76cb-49f8-b41f-c08835ae28a3","ts":"2026-05-26T15:51:34.303-04:00","eventName":"n8n.node.finished","message":"n8n.node.finished","payload":{"workflowId":"Em7tKDGUXxBu9x88","workflowName":"Certificados EPS Simple","executionId":"503","nodeType":"n8n-nodes-base.set","nodeName":"Fecha Proceso","nodeId":"4f629886-24c9-47de-b516-4025116a4efb"}}
{"__type":"$$EventMessageConfirm","confirm":"53b4d1ba-76cb-49f8-b41f-c08835ae28a3","ts":"2026-05-26T15:51:34.303-04:00","source":{"id":"0","name":"eventBus"}}
{"__type":"$$EventMessageNode","id":"09c5ffeb-55bc-40a0-af4a-869ac0c33172","ts":"2026-05-26T15:51:34.304-04:00","eventName":"n8n.node.started","message":"n8n.node.started","payload":{"workflowId":"Em7tKDGUXxBu9x88","workflowName":"Certificados EPS Simple","executionId":"503","nodeType":"n8n-nodes-base.googleSheets","nodeName":"Iniciar Reporte","nodeId":"edb7a2cb-6471-421f-9b43-c71174171fbb"}}
{"__type":"$$EventMessageConfirm","confirm":"09c5ffeb-55bc-40a0-af4a-869ac0c33172","ts":"2026-05-26T15:51:34.304-04:00","source":{"id":"0","name":"eventBus"}}
{"__type":"$$EventMessageNode","id":"5fe231a5-cfc7-4a34-9a55-6ddf06c015a0","ts":"2026-05-26T15:51:35.038-04:00","eventName":"n8n.node.finished","message":"n8n.node.finished","payload":{"workflowId":"Em7tKDGUXxBu9x88","workflowName":"Certificados EPS Simple","executionId":"503","nodeType":"n8n-nodes-base.googleSheets","nodeName":"Iniciar Reporte","nodeId":"edb7a2cb-6471-421f-9b43-c71174171fbb"}}
{"__type":"$$EventMessageConfirm","confirm":"5fe231a5-cfc7-4a34-9a55-6ddf06c015a0","ts":"2026-05-26T15:51:35.038-04:00","source":{"id":"0","name":"eventBus"}}
{"__type":"$$EventMessageWorkflow","id":"c547ff22-58fc-4aa3-913b-5c81665764b5","ts":"2026-05-26T15:51:35.051-04:00","eventName":"n8n.workflow.failed","message":"n8n.workflow.failed","payload":{"executionId":"503","success":false,"isManual":true,"workflowId":"Em7tKDGUXxBu9x88","workflowName":"Certificados EPS Simple","lastNodeExecuted":"Iniciar Reporte","errorNodeType":"n8n-nodes-base.googleSheets","errorMessage":"The provided authorization grant (e.g., authorization code, resource owner credentials) or refresh token is invalid, expired, revoked, does not match the redirection URI used in the authorization request, or was issued to another client."}}
{"__type":"$$EventMessageConfirm","confirm":"c547ff22-58fc-4aa3-913b-5c81665764b5","ts":"2026-05-26T15:51:35.051-04:00","source":{"id":"0","name":"eventBus"}}
{"__type":"$$EventMessageAudit","id":"3a16dd5f-3c6f-45f4-9e03-c079e894b6ec","ts":"2026-05-26T15:52:00.689-04:00","eventName":"n8n.audit.user.credentials.updated","message":"n8n.audit.user.credentials.updated","payload":{"userId":"9da8da33-6aad-4ef3-9d60-61ace0004709","_email":"desarrollomegatech@gmail.com","_firstName":"MegaTech","_lastName":"Software","globalRole":"global:owner","credentialType":"googleSheetsOAuth2Api","credentialId":"hfdqeSU67pfNF63Y"}}
{"__type":"$$EventMessageConfirm","confirm":"3a16dd5f-3c6f-45f4-9e03-c079e894b6ec","ts":"2026-05-26T15:52:00.690-04:00","source":{"id":"0","name":"eventBus"}}
{"__type":"$$EventMessageAudit","id":"deb9b9c5-8af1-4d5f-999a-bad1e8ac3dce","ts":"2026-05-26T15:52:32.080-04:00","eventName":"n8n.audit.user.credentials.updated","message":"n8n.audit.user.credentials.updated","payload":{"userId":"9da8da33-6aad-4ef3-9d60-61ace0004709","_email":"desarrollomegatech@gmail.com","_firstName":"MegaTech","_lastName":"Software","globalRole":"global:owner","credentialType":"googleSheetsOAuth2Api","credentialId":"hfdqeSU67pfNF63Y"}}
{"__type":"$$EventMessageConfirm","confirm":"deb9b9c5-8af1-4d5f-999a-bad1e8ac3dce","ts":"2026-05-26T15:52:32.080-04:00","source":{"id":"0","name":"eventBus"}}
{"__type":"$$EventMessageWorkflow","id":"08475622-95a9-49e6-83e1-812f28a1de47","ts":"2026-05-26T15:52:51.885-04:00","eventName":"n8n.workflow.started","message":"n8n.workflow.started","payload":{"executionId":"504","workflowId":"Em7tKDGUXxBu9x88","isManual":false,"workflowName":"Certificados EPS Simple"}}
{"__type":"$$EventMessageConfirm","confirm":"08475622-95a9-49e6-83e1-812f28a1de47","ts":"2026-05-26T15:52:51.885-04:00","source":{"id":"0","name":"eventBus"}}
{"__type":"$$EventMessageNode","id":"9bbf65d0-baf8-40cf-a4fd-dc21c6ca45bc","ts":"2026-05-26T15:52:51.888-04:00","eventName":"n8n.node.started","message":"n8n.node.started","payload":{"workflowId":"Em7tKDGUXxBu9x88","workflowName":"Certificados EPS Simple","executionId":"504","nodeType":"n8n-nodes-base.formTrigger","nodeName":"Formulario de Inicio","nodeId":"bd82c9f7-40f1-4606-b8c8-3867bf81985e"}}
{"__type":"$$EventMessageConfirm","confirm":"9bbf65d0-baf8-40cf-a4fd-dc21c6ca45bc","ts":"2026-05-26T15:52:51.888-04:00","source":{"id":"0","name":"eventBus"}}
{"__type":"$$EventMessageNode","id":"dd48d759-e102-4115-be94-49feaec67f77","ts":"2026-05-26T15:52:51.890-04:00","eventName":"n8n.node.finished","message":"n8n.node.finished","payload":{"workflowId":"Em7tKDGUXxBu9x88","workflowName":"Certificados EPS Simple","executionId":"504","nodeType":"n8n-nodes-base.formTrigger","nodeName":"Formulario de Inicio","nodeId":"bd82c9f7-40f1-4606-b8c8-3867bf81985e"}}
{"__type":"$$EventMessageConfirm","confirm":"dd48d759-e102-4115-be94-49feaec67f77","ts":"2026-05-26T15:52:51.890-04:00","source":{"id":"0","name":"eventBus"}}
{"__type":"$$EventMessageNode","id":"63140c37-e9c1-4813-b164-505472d9d496","ts":"2026-05-26T15:52:51.893-04:00","eventName":"n8n.node.started","message":"n8n.node.started","payload":{"workflowId":"Em7tKDGUXxBu9x88","workflowName":"Certificados EPS Simple","executionId":"504","nodeType":"n8n-nodes-base.form","nodeName":"Inicio del Flujo","nodeId":"cedd454b-9de2-405c-b3b6-d001e96cd9e5"}}
{"__type":"$$EventMessageConfirm","confirm":"63140c37-e9c1-4813-b164-505472d9d496","ts":"2026-05-26T15:52:51.893-04:00","source":{"id":"0","name":"eventBus"}}
{"__type":"$$EventMessageNode","id":"6ab1ad1f-3481-4b97-9b61-4a556789f5d0","ts":"2026-05-26T15:52:51.896-04:00","eventName":"n8n.node.finished","message":"n8n.node.finished","payload":{"workflowId":"Em7tKDGUXxBu9x88","workflowName":"Certificados EPS Simple","executionId":"504","nodeType":"n8n-nodes-base.form","nodeName":"Inicio del Flujo","nodeId":"cedd454b-9de2-405c-b3b6-d001e96cd9e5"}}
{"__type":"$$EventMessageConfirm","confirm":"6ab1ad1f-3481-4b97-9b61-4a556789f5d0","ts":"2026-05-26T15:52:51.897-04:00","source":{"id":"0","name":"eventBus"}}
{"__type":"$$EventMessageNode","id":"6752fd22-425d-4c28-9d1c-6dd9e8bf42d2","ts":"2026-05-26T15:52:53.215-04:00","eventName":"n8n.node.started","message":"n8n.node.started","payload":{"workflowId":"Em7tKDGUXxBu9x88","workflowName":"Certificados EPS Simple","executionId":"504","nodeType":"n8n-nodes-base.form","nodeName":"Inicio del Flujo","nodeId":"cedd454b-9de2-405c-b3b6-d001e96cd9e5"}}
{"__type":"$$EventMessageConfirm","confirm":"6752fd22-425d-4c28-9d1c-6dd9e8bf42d2","ts":"2026-05-26T15:52:53.215-04:00","source":{"id":"0","name":"eventBus"}}
{"__type":"$$EventMessageNode","id":"b65b61c0-5b66-420d-9369-7a65f54b1490","ts":"2026-05-26T15:52:53.216-04:00","eventName":"n8n.node.finished","message":"n8n.node.finished","payload":{"workflowId":"Em7tKDGUXxBu9x88","workflowName":"Certificados EPS Simple","executionId":"504","nodeType":"n8n-nodes-base.form","nodeName":"Inicio del Flujo","nodeId":"cedd454b-9de2-405c-b3b6-d001e96cd9e5"}}
{"__type":"$$EventMessageConfirm","confirm":"b65b61c0-5b66-420d-9369-7a65f54b1490","ts":"2026-05-26T15:52:53.217-04:00","source":{"id":"0","name":"eventBus"}}
{"__type":"$$EventMessageNode","id":"fa6eaf1e-f4d9-4970-8b32-6a4e48b4424d","ts":"2026-05-26T15:52:53.218-04:00","eventName":"n8n.node.started","message":"n8n.node.started","payload":{"workflowId":"Em7tKDGUXxBu9x88","workflowName":"Certificados EPS Simple","executionId":"504","nodeType":"n8n-nodes-base.httpRequest","nodeName":"Login MegaTech","nodeId":"2ad6f6a9-4b8c-4d5b-879f-9fb39a405059"}}
{"__type":"$$EventMessageConfirm","confirm":"fa6eaf1e-f4d9-4970-8b32-6a4e48b4424d","ts":"2026-05-26T15:52:53.218-04:00","source":{"id":"0","name":"eventBus"}}
{"__type":"$$EventMessageNode","id":"61c28714-e634-4e1a-bb83-2620ab3256f6","ts":"2026-05-26T15:52:53.843-04:00","eventName":"n8n.node.finished","message":"n8n.node.finished","payload":{"workflowId":"Em7tKDGUXxBu9x88","workflowName":"Certificados EPS Simple","executionId":"504","nodeType":"n8n-nodes-base.httpRequest","nodeName":"Login MegaTech","nodeId":"2ad6f6a9-4b8c-4d5b-879f-9fb39a405059"}}
{"__type":"$$EventMessageConfirm","confirm":"61c28714-e634-4e1a-bb83-2620ab3256f6","ts":"2026-05-26T15:52:53.843-04:00","source":{"id":"0","name":"eventBus"}}
{"__type":"$$EventMessageNode","id":"5b045a76-0b34-456d-807a-b10f2fa2f468","ts":"2026-05-26T15:52:53.844-04:00","eventName":"n8n.node.started","message":"n8n.node.started","payload":{"workflowId":"Em7tKDGUXxBu9x88","workflowName":"Certificados EPS Simple","executionId":"504","nodeType":"n8n-nodes-base.set","nodeName":"Fecha Proceso","nodeId":"4f629886-24c9-47de-b516-4025116a4efb"}}
{"__type":"$$EventMessageConfirm","confirm":"5b045a76-0b34-456d-807a-b10f2fa2f468","ts":"2026-05-26T15:52:53.844-04:00","source":{"id":"0","name":"eventBus"}}
{"__type":"$$EventMessageNode","id":"65f4a533-bd7e-420b-a8d5-fb0034789ebe","ts":"2026-05-26T15:52:53.847-04:00","eventName":"n8n.node.finished","message":"n8n.node.finished","payload":{"workflowId":"Em7tKDGUXxBu9x88","workflowName":"Certificados EPS Simple","executionId":"504","nodeType":"n8n-nodes-base.set","nodeName":"Fecha Proceso","nodeId":"4f629886-24c9-47de-b516-4025116a4efb"}}
{"__type":"$$EventMessageConfirm","confirm":"65f4a533-bd7e-420b-a8d5-fb0034789ebe","ts":"2026-05-26T15:52:53.847-04:00","source":{"id":"0","name":"eventBus"}}
{"__type":"$$EventMessageNode","id":"713e580a-655d-4e48-9238-4e00f74a039b","ts":"2026-05-26T15:52:53.848-04:00","eventName":"n8n.node.started","message":"n8n.node.started","payload":{"workflowId":"Em7tKDGUXxBu9x88","workflowName":"Certificados EPS Simple","executionId":"504","nodeType":"n8n-nodes-base.googleSheets","nodeName":"Iniciar Reporte","nodeId":"edb7a2cb-6471-421f-9b43-c71174171fbb"}}
{"__type":"$$EventMessageConfirm","confirm":"713e580a-655d-4e48-9238-4e00f74a039b","ts":"2026-05-26T15:52:53.848-04:00","source":{"id":"0","name":"eventBus"}}
{"__type":"$$EventMessageNode","id":"55a4bccb-b3f8-41ca-afb3-d3ffbf163535","ts":"2026-05-26T15:52:54.754-04:00","eventName":"n8n.node.finished","message":"n8n.node.finished","payload":{"workflowId":"Em7tKDGUXxBu9x88","workflowName":"Certificados EPS Simple","executionId":"504","nodeType":"n8n-nodes-base.googleSheets","nodeName":"Iniciar Reporte","nodeId":"edb7a2cb-6471-421f-9b43-c71174171fbb"}}
{"__type":"$$EventMessageConfirm","confirm":"55a4bccb-b3f8-41ca-afb3-d3ffbf163535","ts":"2026-05-26T15:52:54.754-04:00","source":{"id":"0","name":"eventBus"}}
{"__type":"$$EventMessageNode","id":"311dc6fb-8e27-483f-8adc-ba7229e165d9","ts":"2026-05-26T15:52:54.756-04:00","eventName":"n8n.node.started","message":"n8n.node.started","payload":{"workflowId":"Em7tKDGUXxBu9x88","workflowName":"Certificados EPS Simple","executionId":"504","nodeType":"n8n-nodes-base.httpRequest","nodeName":"Consulta Planillas Base","nodeId":"864be9be-f0d8-44b2-b40f-2f5f479c707e"}}
{"__type":"$$EventMessageConfirm","confirm":"311dc6fb-8e27-483f-8adc-ba7229e165d9","ts":"2026-05-26T15:52:54.756-04:00","source":{"id":"0","name":"eventBus"}}
{"__type":"$$EventMessageNode","id":"caadb426-554e-4218-a265-bf1f1db00da7","ts":"2026-05-26T15:52:59.780-04:00","eventName":"n8n.node.finished","message":"n8n.node.finished","payload":{"workflowId":"Em7tKDGUXxBu9x88","workflowName":"Certificados EPS Simple","executionId":"504","nodeType":"n8n-nodes-base.httpRequest","nodeName":"Consulta Planillas Base","nodeId":"864be9be-f0d8-44b2-b40f-2f5f479c707e"}}
{"__type":"$$EventMessageConfirm","confirm":"caadb426-554e-4218-a265-bf1f1db00da7","ts":"2026-05-26T15:52:59.780-04:00","source":{"id":"0","name":"eventBus"}}
{"__type":"$$EventMessageNode","id":"ca64eca4-b2ce-48e6-9d10-c2e7b23c30bb","ts":"2026-05-26T15:52:59.781-04:00","eventName":"n8n.node.started","message":"n8n.node.started","payload":{"workflowId":"Em7tKDGUXxBu9x88","workflowName":"Certificados EPS Simple","executionId":"504","nodeType":"n8n-nodes-base.splitOut","nodeName":"Split Out","nodeId":"fbc87f5c-1a7a-4ed4-8305-5d67d22743af"}}
{"__type":"$$EventMessageConfirm","confirm":"ca64eca4-b2ce-48e6-9d10-c2e7b23c30bb","ts":"2026-05-26T15:52:59.781-04:00","source":{"id":"0","name":"eventBus"}}
{"__type":"$$EventMessageNode","id":"00096b41-a9dd-41b7-b419-9cecb5fa38ce","ts":"2026-05-26T15:52:59.784-04:00","eventName":"n8n.node.finished","message":"n8n.node.finished","payload":{"workflowId":"Em7tKDGUXxBu9x88","workflowName":"Certificados EPS Simple","executionId":"504","nodeType":"n8n-nodes-base.splitOut","nodeName":"Split Out","nodeId":"fbc87f5c-1a7a-4ed4-8305-5d67d22743af"}}
{"__type":"$$EventMessageConfirm","confirm":"00096b41-a9dd-41b7-b419-9cecb5fa38ce","ts":"2026-05-26T15:52:59.785-04:00","source":{"id":"0","name":"eventBus"}}
{"__type":"$$EventMessageNode","id":"b335c2ce-3e77-4d22-aefd-9b3792e2ec25","ts":"2026-05-26T15:52:59.786-04:00","eventName":"n8n.node.started","message":"n8n.node.started","payload":{"workflowId":"Em7tKDGUXxBu9x88","workflowName":"Certificados EPS Simple","executionId":"504","nodeType":"n8n-nodes-base.googleSheets","nodeName":"Lista Planillas Base","nodeId":"e26277f3-a4aa-43ca-acf9-09b546c56398"}}
{"__type":"$$EventMessageConfirm","confirm":"b335c2ce-3e77-4d22-aefd-9b3792e2ec25","ts":"2026-05-26T15:52:59.786-04:00","source":{"id":"0","name":"eventBus"}}
{"__type":"$$EventMessageNode","id":"dda5e20f-609f-4773-8bc1-e02df10c6374","ts":"2026-05-26T15:53:02.289-04:00","eventName":"n8n.node.finished","message":"n8n.node.finished","payload":{"workflowId":"Em7tKDGUXxBu9x88","workflowName":"Certificados EPS Simple","executionId":"504","nodeType":"n8n-nodes-base.googleSheets","nodeName":"Lista Planillas Base","nodeId":"e26277f3-a4aa-43ca-acf9-09b546c56398"}}
{"__type":"$$EventMessageConfirm","confirm":"dda5e20f-609f-4773-8bc1-e02df10c6374","ts":"2026-05-26T15:53:02.289-04:00","source":{"id":"0","name":"eventBus"}}
{"__type":"$$EventMessageNode","id":"ba0191e1-9635-46f8-9ebb-e6cb1a651b51","ts":"2026-05-26T15:53:02.290-04:00","eventName":"n8n.node.started","message":"n8n.node.started","payload":{"workflowId":"Em7tKDGUXxBu9x88","workflowName":"Certificados EPS Simple","executionId":"504","nodeType":"n8n-nodes-base.filter","nodeName":"Filtrar Pagadas","nodeId":"e2b06589-c71b-4da2-8c50-677e1de32a92"}}
{"__type":"$$EventMessageConfirm","confirm":"ba0191e1-9635-46f8-9ebb-e6cb1a651b51","ts":"2026-05-26T15:53:02.290-04:00","source":{"id":"0","name":"eventBus"}}
{"__type":"$$EventMessageNode","id":"5fe0c4fb-dd30-4d69-b061-c673140c86b1","ts":"2026-05-26T15:53:02.304-04:00","eventName":"n8n.node.finished","message":"n8n.node.finished","payload":{"workflowId":"Em7tKDGUXxBu9x88","workflowName":"Certificados EPS Simple","executionId":"504","nodeType":"n8n-nodes-base.filter","nodeName":"Filtrar Pagadas","nodeId":"e2b06589-c71b-4da2-8c50-677e1de32a92"}}
{"__type":"$$EventMessageConfirm","confirm":"5fe0c4fb-dd30-4d69-b061-c673140c86b1","ts":"2026-05-26T15:53:02.304-04:00","source":{"id":"0","name":"eventBus"}}
{"__type":"$$EventMessageNode","id":"ff13e82a-4e67-4faf-87a0-c8fcdf4f8fe1","ts":"2026-05-26T15:53:02.305-04:00","eventName":"n8n.node.started","message":"n8n.node.started","payload":{"workflowId":"Em7tKDGUXxBu9x88","workflowName":"Certificados EPS Simple","executionId":"504","nodeType":"n8n-nodes-base.merge","nodeName":"Merge","nodeId":"cd9b2fdd-a3ff-4f0b-ab2c-66ec23d99994"}}
{"__type":"$$EventMessageConfirm","confirm":"ff13e82a-4e67-4faf-87a0-c8fcdf4f8fe1","ts":"2026-05-26T15:53:02.306-04:00","source":{"id":"0","name":"eventBus"}}
{"__type":"$$EventMessageNode","id":"4e2111d0-2aca-4816-8511-391360e6cad9","ts":"2026-05-26T15:53:02.342-04:00","eventName":"n8n.node.finished","message":"n8n.node.finished","payload":{"workflowId":"Em7tKDGUXxBu9x88","workflowName":"Certificados EPS Simple","executionId":"504","nodeType":"n8n-nodes-base.merge","nodeName":"Merge","nodeId":"cd9b2fdd-a3ff-4f0b-ab2c-66ec23d99994"}}
{"__type":"$$EventMessageConfirm","confirm":"4e2111d0-2aca-4816-8511-391360e6cad9","ts":"2026-05-26T15:53:02.343-04:00","source":{"id":"0","name":"eventBus"}}
{"__type":"$$EventMessageNode","id":"1170b1c9-80b9-4ff0-a5c9-9577d13c323f","ts":"2026-05-26T15:53:02.344-04:00","eventName":"n8n.node.started","message":"n8n.node.started","payload":{"workflowId":"Em7tKDGUXxBu9x88","workflowName":"Certificados EPS Simple","executionId":"504","nodeType":"n8n-nodes-base.set","nodeName":"Edit Fields","nodeId":"5f285940-287c-4b87-8158-fe68b5f587c3"}}
{"__type":"$$EventMessageConfirm","confirm":"1170b1c9-80b9-4ff0-a5c9-9577d13c323f","ts":"2026-05-26T15:53:02.344-04:00","source":{"id":"0","name":"eventBus"}}
{"__type":"$$EventMessageNode","id":"8195064b-bfac-48a1-aa93-e05979d1615f","ts":"2026-05-26T15:53:02.412-04:00","eventName":"n8n.node.finished","message":"n8n.node.finished","payload":{"workflowId":"Em7tKDGUXxBu9x88","workflowName":"Certificados EPS Simple","executionId":"504","nodeType":"n8n-nodes-base.set","nodeName":"Edit Fields","nodeId":"5f285940-287c-4b87-8158-fe68b5f587c3"}}
{"__type":"$$EventMessageConfirm","confirm":"8195064b-bfac-48a1-aa93-e05979d1615f","ts":"2026-05-26T15:53:02.412-04:00","source":{"id":"0","name":"eventBus"}}
{"__type":"$$EventMessageNode","id":"ed749f9e-e2ab-41c1-b649-0d8bef149697","ts":"2026-05-26T15:53:02.414-04:00","eventName":"n8n.node.started","message":"n8n.node.started","payload":{"workflowId":"Em7tKDGUXxBu9x88","workflowName":"Certificados EPS Simple","executionId":"504","nodeType":"n8n-nodes-base.splitInBatches","nodeName":"Descagando todos los Certificados","nodeId":"b755fe77-2f03-4f1a-bfcf-db705987fbc8"}}
{"__type":"$$EventMessageConfirm","confirm":"ed749f9e-e2ab-41c1-b649-0d8bef149697","ts":"2026-05-26T15:53:02.414-04:00","source":{"id":"0","name":"eventBus"}}
{"__type":"$$EventMessageNode","id":"d6650fb3-0804-401b-87a3-b181702bcd2f","ts":"2026-05-26T15:53:02.415-04:00","eventName":"n8n.node.finished","message":"n8n.node.finished","payload":{"workflowId":"Em7tKDGUXxBu9x88","workflowName":"Certificados EPS Simple","executionId":"504","nodeType":"n8n-nodes-base.splitInBatches","nodeName":"Descagando todos los Certificados","nodeId":"b755fe77-2f03-4f1a-bfcf-db705987fbc8"}}
{"__type":"$$EventMessageConfirm","confirm":"d6650fb3-0804-401b-87a3-b181702bcd2f","ts":"2026-05-26T15:53:02.416-04:00","source":{"id":"0","name":"eventBus"}}
{"__type":"$$EventMessageNode","id":"96fb8c5d-7666-4deb-a51f-dad84089fa89","ts":"2026-05-26T15:53:02.416-04:00","eventName":"n8n.node.started","message":"n8n.node.started","payload":{"workflowId":"Em7tKDGUXxBu9x88","workflowName":"Certificados EPS Simple","executionId":"504","nodeType":"n8n-nodes-base.httpRequest","nodeName":"Descarga certificado planilla","nodeId":"2f25f7dc-07d5-4df8-a480-b7c06ab9b2d7"}}
{"__type":"$$EventMessageConfirm","confirm":"96fb8c5d-7666-4deb-a51f-dad84089fa89","ts":"2026-05-26T15:53:02.417-04:00","source":{"id":"0","name":"eventBus"}}
{"__type":"$$EventMessageNode","id":"964d7636-901f-4f54-8d86-a64d68b57230","ts":"2026-05-26T15:53:02.532-04:00","eventName":"n8n.node.finished","message":"n8n.node.finished","payload":{"workflowId":"Em7tKDGUXxBu9x88","workflowName":"Certificados EPS Simple","executionId":"504","nodeType":"n8n-nodes-base.httpRequest","nodeName":"Descarga certificado planilla","nodeId":"2f25f7dc-07d5-4df8-a480-b7c06ab9b2d7"}}
{"__type":"$$EventMessageConfirm","confirm":"964d7636-901f-4f54-8d86-a64d68b57230","ts":"2026-05-26T15:53:02.533-04:00","source":{"id":"0","name":"eventBus"}}
{"__type":"$$EventMessageWorkflow","id":"8e95828f-5306-4b7c-b4e4-1054966a216b","ts":"2026-05-26T15:53:02.541-04:00","eventName":"n8n.workflow.failed","message":"n8n.workflow.failed","payload":{"executionId":"504","success":false,"isManual":true,"workflowId":"Em7tKDGUXxBu9x88","workflowName":"Certificados EPS Simple","lastNodeExecuted":"Descarga certificado planilla","errorNodeType":"n8n-nodes-base.httpRequest","errorMessage":"The service refused the connection - perhaps it is offline"}}
{"__type":"$$EventMessageConfirm","confirm":"8e95828f-5306-4b7c-b4e4-1054966a216b","ts":"2026-05-26T15:53:02.542-04:00","source":{"id":"0","name":"eventBus"}}
{"__type":"$$EventMessageAudit","id":"2af3e6ba-454c-4433-96c4-69c177e2f958","ts":"2026-05-26T15:55:22.595-04:00","eventName":"n8n.audit.workflow.updated","message":"n8n.audit.workflow.updated","payload":{"userId":"9da8da33-6aad-4ef3-9d60-61ace0004709","_email":"desarrollomegatech@gmail.com","_firstName":"MegaTech","_lastName":"Software","globalRole":"global:owner","workflowId":"Em7tKDGUXxBu9x88","workflowName":"Certificados EPS Simple"}}
{"__type":"$$EventMessageConfirm","confirm":"2af3e6ba-454c-4433-96c4-69c177e2f958","ts":"2026-05-26T15:55:22.595-04:00","source":{"id":"0","name":"eventBus"}}
{"__type":"$$EventMessageWorkflow","id":"07544e1a-eaf2-406d-8cb8-e3566184b476","ts":"2026-05-26T15:55:29.240-04:00","eventName":"n8n.workflow.started","message":"n8n.workflow.started","payload":{"executionId":"505","workflowId":"Em7tKDGUXxBu9x88","isManual":false,"workflowName":"Certificados EPS Simple"}}
{"__type":"$$EventMessageConfirm","confirm":"07544e1a-eaf2-406d-8cb8-e3566184b476","ts":"2026-05-26T15:55:29.240-04:00","source":{"id":"0","name":"eventBus"}}
{"__type":"$$EventMessageNode","id":"08104514-40a2-45f7-8862-aab4cfec3dde","ts":"2026-05-26T15:55:29.244-04:00","eventName":"n8n.node.started","message":"n8n.node.started","payload":{"workflowId":"Em7tKDGUXxBu9x88","workflowName":"Certificados EPS Simple","executionId":"505","nodeType":"n8n-nodes-base.formTrigger","nodeName":"Formulario de Inicio","nodeId":"bd82c9f7-40f1-4606-b8c8-3867bf81985e"}}
{"__type":"$$EventMessageConfirm","confirm":"08104514-40a2-45f7-8862-aab4cfec3dde","ts":"2026-05-26T15:55:29.245-04:00","source":{"id":"0","name":"eventBus"}}
{"__type":"$$EventMessageNode","id":"e1eb319c-9d51-41d8-abe2-1fb820884191","ts":"2026-05-26T15:55:29.246-04:00","eventName":"n8n.node.finished","message":"n8n.node.finished","payload":{"workflowId":"Em7tKDGUXxBu9x88","workflowName":"Certificados EPS Simple","executionId":"505","nodeType":"n8n-nodes-base.formTrigger","nodeName":"Formulario de Inicio","nodeId":"bd82c9f7-40f1-4606-b8c8-3867bf81985e"}}
{"__type":"$$EventMessageConfirm","confirm":"e1eb319c-9d51-41d8-abe2-1fb820884191","ts":"2026-05-26T15:55:29.246-04:00","source":{"id":"0","name":"eventBus"}}
{"__type":"$$EventMessageNode","id":"36425151-86e8-4241-a734-6bf28edd17c4","ts":"2026-05-26T15:55:29.248-04:00","eventName":"n8n.node.started","message":"n8n.node.started","payload":{"workflowId":"Em7tKDGUXxBu9x88","workflowName":"Certificados EPS Simple","executionId":"505","nodeType":"n8n-nodes-base.form","nodeName":"Inicio del Flujo","nodeId":"cedd454b-9de2-405c-b3b6-d001e96cd9e5"}}
{"__type":"$$EventMessageConfirm","confirm":"36425151-86e8-4241-a734-6bf28edd17c4","ts":"2026-05-26T15:55:29.248-04:00","source":{"id":"0","name":"eventBus"}}
{"__type":"$$EventMessageNode","id":"e820daec-e094-4bd2-b98f-41c290509d5d","ts":"2026-05-26T15:55:29.252-04:00","eventName":"n8n.node.finished","message":"n8n.node.finished","payload":{"workflowId":"Em7tKDGUXxBu9x88","workflowName":"Certificados EPS Simple","executionId":"505","nodeType":"n8n-nodes-base.form","nodeName":"Inicio del Flujo","nodeId":"cedd454b-9de2-405c-b3b6-d001e96cd9e5"}}
{"__type":"$$EventMessageConfirm","confirm":"e820daec-e094-4bd2-b98f-41c290509d5d","ts":"2026-05-26T15:55:29.253-04:00","source":{"id":"0","name":"eventBus"}}
{"__type":"$$EventMessageNode","id":"5a1044f1-ee42-49a0-9262-1ed526fd9c0e","ts":"2026-05-26T15:55:30.615-04:00","eventName":"n8n.node.started","message":"n8n.node.started","payload":{"workflowId":"Em7tKDGUXxBu9x88","workflowName":"Certificados EPS Simple","executionId":"505","nodeType":"n8n-nodes-base.form","nodeName":"Inicio del Flujo","nodeId":"cedd454b-9de2-405c-b3b6-d001e96cd9e5"}}
{"__type":"$$EventMessageConfirm","confirm":"5a1044f1-ee42-49a0-9262-1ed526fd9c0e","ts":"2026-05-26T15:55:30.615-04:00","source":{"id":"0","name":"eventBus"}}
{"__type":"$$EventMessageNode","id":"d8e66eed-59c0-4f0a-a8bc-e79b2a67e28a","ts":"2026-05-26T15:55:30.616-04:00","eventName":"n8n.node.finished","message":"n8n.node.finished","payload":{"workflowId":"Em7tKDGUXxBu9x88","workflowName":"Certificados EPS Simple","executionId":"505","nodeType":"n8n-nodes-base.form","nodeName":"Inicio del Flujo","nodeId":"cedd454b-9de2-405c-b3b6-d001e96cd9e5"}}
{"__type":"$$EventMessageConfirm","confirm":"d8e66eed-59c0-4f0a-a8bc-e79b2a67e28a","ts":"2026-05-26T15:55:30.616-04:00","source":{"id":"0","name":"eventBus"}}
{"__type":"$$EventMessageNode","id":"05dbb7db-8229-4408-88fe-6adbb4b6383d","ts":"2026-05-26T15:55:30.617-04:00","eventName":"n8n.node.started","message":"n8n.node.started","payload":{"workflowId":"Em7tKDGUXxBu9x88","workflowName":"Certificados EPS Simple","executionId":"505","nodeType":"n8n-nodes-base.httpRequest","nodeName":"Login MegaTech","nodeId":"2ad6f6a9-4b8c-4d5b-879f-9fb39a405059"}}
{"__type":"$$EventMessageConfirm","confirm":"05dbb7db-8229-4408-88fe-6adbb4b6383d","ts":"2026-05-26T15:55:30.617-04:00","source":{"id":"0","name":"eventBus"}}
{"__type":"$$EventMessageNode","id":"b04aa991-5f50-4fde-a106-ea7c71c662e5","ts":"2026-05-26T15:55:31.229-04:00","eventName":"n8n.node.finished","message":"n8n.node.finished","payload":{"workflowId":"Em7tKDGUXxBu9x88","workflowName":"Certificados EPS Simple","executionId":"505","nodeType":"n8n-nodes-base.httpRequest","nodeName":"Login MegaTech","nodeId":"2ad6f6a9-4b8c-4d5b-879f-9fb39a405059"}}
{"__type":"$$EventMessageConfirm","confirm":"b04aa991-5f50-4fde-a106-ea7c71c662e5","ts":"2026-05-26T15:55:31.229-04:00","source":{"id":"0","name":"eventBus"}}
{"__type":"$$EventMessageNode","id":"8deace4b-28e3-41c1-b54a-dcc7fddf4712","ts":"2026-05-26T15:55:31.231-04:00","eventName":"n8n.node.started","message":"n8n.node.started","payload":{"workflowId":"Em7tKDGUXxBu9x88","workflowName":"Certificados EPS Simple","executionId":"505","nodeType":"n8n-nodes-base.set","nodeName":"Fecha Proceso","nodeId":"4f629886-24c9-47de-b516-4025116a4efb"}}
{"__type":"$$EventMessageConfirm","confirm":"8deace4b-28e3-41c1-b54a-dcc7fddf4712","ts":"2026-05-26T15:55:31.232-04:00","source":{"id":"0","name":"eventBus"}}
{"__type":"$$EventMessageNode","id":"acec665c-0374-4e84-beff-3d33bff371db","ts":"2026-05-26T15:55:31.236-04:00","eventName":"n8n.node.finished","message":"n8n.node.finished","payload":{"workflowId":"Em7tKDGUXxBu9x88","workflowName":"Certificados EPS Simple","executionId":"505","nodeType":"n8n-nodes-base.set","nodeName":"Fecha Proceso","nodeId":"4f629886-24c9-47de-b516-4025116a4efb"}}
{"__type":"$$EventMessageConfirm","confirm":"acec665c-0374-4e84-beff-3d33bff371db","ts":"2026-05-26T15:55:31.236-04:00","source":{"id":"0","name":"eventBus"}}
{"__type":"$$EventMessageNode","id":"30f0a299-30a3-4226-9ed8-a0ae73feeb59","ts":"2026-05-26T15:55:31.238-04:00","eventName":"n8n.node.started","message":"n8n.node.started","payload":{"workflowId":"Em7tKDGUXxBu9x88","workflowName":"Certificados EPS Simple","executionId":"505","nodeType":"n8n-nodes-base.googleSheets","nodeName":"Iniciar Reporte","nodeId":"edb7a2cb-6471-421f-9b43-c71174171fbb"}}
{"__type":"$$EventMessageConfirm","confirm":"30f0a299-30a3-4226-9ed8-a0ae73feeb59","ts":"2026-05-26T15:55:31.238-04:00","source":{"id":"0","name":"eventBus"}}
{"__type":"$$EventMessageNode","id":"03edfccd-04e7-4b62-bd42-56b16e274d12","ts":"2026-05-26T15:55:32.092-04:00","eventName":"n8n.node.finished","message":"n8n.node.finished","payload":{"workflowId":"Em7tKDGUXxBu9x88","workflowName":"Certificados EPS Simple","executionId":"505","nodeType":"n8n-nodes-base.googleSheets","nodeName":"Iniciar Reporte","nodeId":"edb7a2cb-6471-421f-9b43-c71174171fbb"}}
{"__type":"$$EventMessageConfirm","confirm":"03edfccd-04e7-4b62-bd42-56b16e274d12","ts":"2026-05-26T15:55:32.092-04:00","source":{"id":"0","name":"eventBus"}}
{"__type":"$$EventMessageNode","id":"75620c2e-0449-4e9b-a6d2-4020a027e2db","ts":"2026-05-26T15:55:32.093-04:00","eventName":"n8n.node.started","message":"n8n.node.started","payload":{"workflowId":"Em7tKDGUXxBu9x88","workflowName":"Certificados EPS Simple","executionId":"505","nodeType":"n8n-nodes-base.httpRequest","nodeName":"Consulta Planillas Base","nodeId":"864be9be-f0d8-44b2-b40f-2f5f479c707e"}}
{"__type":"$$EventMessageConfirm","confirm":"75620c2e-0449-4e9b-a6d2-4020a027e2db","ts":"2026-05-26T15:55:32.094-04:00","source":{"id":"0","name":"eventBus"}}
{"__type":"$$EventMessageNode","id":"cfa31bfb-a844-4ada-bae0-33b6c1539ef2","ts":"2026-05-26T15:55:35.920-04:00","eventName":"n8n.node.finished","message":"n8n.node.finished","payload":{"workflowId":"Em7tKDGUXxBu9x88","workflowName":"Certificados EPS Simple","executionId":"505","nodeType":"n8n-nodes-base.httpRequest","nodeName":"Consulta Planillas Base","nodeId":"864be9be-f0d8-44b2-b40f-2f5f479c707e"}}
{"__type":"$$EventMessageConfirm","confirm":"cfa31bfb-a844-4ada-bae0-33b6c1539ef2","ts":"2026-05-26T15:55:35.920-04:00","source":{"id":"0","name":"eventBus"}}
{"__type":"$$EventMessageNode","id":"1c671072-e12b-40be-b35c-3802f36d4ee3","ts":"2026-05-26T15:55:35.921-04:00","eventName":"n8n.node.started","message":"n8n.node.started","payload":{"workflowId":"Em7tKDGUXxBu9x88","workflowName":"Certificados EPS Simple","executionId":"505","nodeType":"n8n-nodes-base.splitOut","nodeName":"Split Out","nodeId":"fbc87f5c-1a7a-4ed4-8305-5d67d22743af"}}
{"__type":"$$EventMessageConfirm","confirm":"1c671072-e12b-40be-b35c-3802f36d4ee3","ts":"2026-05-26T15:55:35.921-04:00","source":{"id":"0","name":"eventBus"}}
{"__type":"$$EventMessageNode","id":"1cb09206-4c68-45f2-a4de-6db8fec0ae68","ts":"2026-05-26T15:55:35.923-04:00","eventName":"n8n.node.finished","message":"n8n.node.finished","payload":{"workflowId":"Em7tKDGUXxBu9x88","workflowName":"Certificados EPS Simple","executionId":"505","nodeType":"n8n-nodes-base.splitOut","nodeName":"Split Out","nodeId":"fbc87f5c-1a7a-4ed4-8305-5d67d22743af"}}
{"__type":"$$EventMessageConfirm","confirm":"1cb09206-4c68-45f2-a4de-6db8fec0ae68","ts":"2026-05-26T15:55:35.923-04:00","source":{"id":"0","name":"eventBus"}}
{"__type":"$$EventMessageNode","id":"f6fcdd7c-3609-4b1a-ab29-b83dafae1d37","ts":"2026-05-26T15:55:35.924-04:00","eventName":"n8n.node.started","message":"n8n.node.started","payload":{"workflowId":"Em7tKDGUXxBu9x88","workflowName":"Certificados EPS Simple","executionId":"505","nodeType":"n8n-nodes-base.googleSheets","nodeName":"Lista Planillas Base","nodeId":"e26277f3-a4aa-43ca-acf9-09b546c56398"}}
{"__type":"$$EventMessageConfirm","confirm":"f6fcdd7c-3609-4b1a-ab29-b83dafae1d37","ts":"2026-05-26T15:55:35.924-04:00","source":{"id":"0","name":"eventBus"}}
{"__type":"$$EventMessageNode","id":"49aee393-f49a-4a28-8a8b-302e97853a75","ts":"2026-05-26T15:55:38.375-04:00","eventName":"n8n.node.finished","message":"n8n.node.finished","payload":{"workflowId":"Em7tKDGUXxBu9x88","workflowName":"Certificados EPS Simple","executionId":"505","nodeType":"n8n-nodes-base.googleSheets","nodeName":"Lista Planillas Base","nodeId":"e26277f3-a4aa-43ca-acf9-09b546c56398"}}
{"__type":"$$EventMessageConfirm","confirm":"49aee393-f49a-4a28-8a8b-302e97853a75","ts":"2026-05-26T15:55:38.376-04:00","source":{"id":"0","name":"eventBus"}}
{"__type":"$$EventMessageNode","id":"e4be3583-1227-476b-b460-30ed2df8da7d","ts":"2026-05-26T15:55:38.376-04:00","eventName":"n8n.node.started","message":"n8n.node.started","payload":{"workflowId":"Em7tKDGUXxBu9x88","workflowName":"Certificados EPS Simple","executionId":"505","nodeType":"n8n-nodes-base.filter","nodeName":"Filtrar Pagadas","nodeId":"e2b06589-c71b-4da2-8c50-677e1de32a92"}}
{"__type":"$$EventMessageConfirm","confirm":"e4be3583-1227-476b-b460-30ed2df8da7d","ts":"2026-05-26T15:55:38.377-04:00","source":{"id":"0","name":"eventBus"}}
{"__type":"$$EventMessageNode","id":"ac136637-1149-4188-9921-96596f1cab69","ts":"2026-05-26T15:55:38.379-04:00","eventName":"n8n.node.finished","message":"n8n.node.finished","payload":{"workflowId":"Em7tKDGUXxBu9x88","workflowName":"Certificados EPS Simple","executionId":"505","nodeType":"n8n-nodes-base.filter","nodeName":"Filtrar Pagadas","nodeId":"e2b06589-c71b-4da2-8c50-677e1de32a92"}}
{"__type":"$$EventMessageConfirm","confirm":"ac136637-1149-4188-9921-96596f1cab69","ts":"2026-05-26T15:55:38.379-04:00","source":{"id":"0","name":"eventBus"}}
{"__type":"$$EventMessageNode","id":"7f8508c9-56be-49bc-ac52-47c3e8f53c3d","ts":"2026-05-26T15:55:38.380-04:00","eventName":"n8n.node.started","message":"n8n.node.started","payload":{"workflowId":"Em7tKDGUXxBu9x88","workflowName":"Certificados EPS Simple","executionId":"505","nodeType":"n8n-nodes-base.merge","nodeName":"Merge","nodeId":"cd9b2fdd-a3ff-4f0b-ab2c-66ec23d99994"}}
{"__type":"$$EventMessageConfirm","confirm":"7f8508c9-56be-49bc-ac52-47c3e8f53c3d","ts":"2026-05-26T15:55:38.380-04:00","source":{"id":"0","name":"eventBus"}}
{"__type":"$$EventMessageNode","id":"a02df0d7-740f-473a-9247-69a4cd66131b","ts":"2026-05-26T15:55:38.381-04:00","eventName":"n8n.node.finished","message":"n8n.node.finished","payload":{"workflowId":"Em7tKDGUXxBu9x88","workflowName":"Certificados EPS Simple","executionId":"505","nodeType":"n8n-nodes-base.merge","nodeName":"Merge","nodeId":"cd9b2fdd-a3ff-4f0b-ab2c-66ec23d99994"}}
{"__type":"$$EventMessageConfirm","confirm":"a02df0d7-740f-473a-9247-69a4cd66131b","ts":"2026-05-26T15:55:38.381-04:00","source":{"id":"0","name":"eventBus"}}
{"__type":"$$EventMessageNode","id":"2438b658-7f4c-4135-a300-0a104286f7ee","ts":"2026-05-26T15:55:38.382-04:00","eventName":"n8n.node.started","message":"n8n.node.started","payload":{"workflowId":"Em7tKDGUXxBu9x88","workflowName":"Certificados EPS Simple","executionId":"505","nodeType":"n8n-nodes-base.set","nodeName":"Edit Fields","nodeId":"5f285940-287c-4b87-8158-fe68b5f587c3"}}
{"__type":"$$EventMessageConfirm","confirm":"2438b658-7f4c-4135-a300-0a104286f7ee","ts":"2026-05-26T15:55:38.382-04:00","source":{"id":"0","name":"eventBus"}}
{"__type":"$$EventMessageNode","id":"b08afe53-e5df-47e2-b4cf-364952e25dc0","ts":"2026-05-26T15:55:38.393-04:00","eventName":"n8n.node.finished","message":"n8n.node.finished","payload":{"workflowId":"Em7tKDGUXxBu9x88","workflowName":"Certificados EPS Simple","executionId":"505","nodeType":"n8n-nodes-base.set","nodeName":"Edit Fields","nodeId":"5f285940-287c-4b87-8158-fe68b5f587c3"}}
{"__type":"$$EventMessageConfirm","confirm":"b08afe53-e5df-47e2-b4cf-364952e25dc0","ts":"2026-05-26T15:55:38.393-04:00","source":{"id":"0","name":"eventBus"}}
{"__type":"$$EventMessageNode","id":"cb3344f2-6e8d-4d44-be33-dcdab1254ec8","ts":"2026-05-26T15:55:38.394-04:00","eventName":"n8n.node.started","message":"n8n.node.started","payload":{"workflowId":"Em7tKDGUXxBu9x88","workflowName":"Certificados EPS Simple","executionId":"505","nodeType":"n8n-nodes-base.splitInBatches","nodeName":"Descagando todos los Certificados","nodeId":"b755fe77-2f03-4f1a-bfcf-db705987fbc8"}}
{"__type":"$$EventMessageConfirm","confirm":"cb3344f2-6e8d-4d44-be33-dcdab1254ec8","ts":"2026-05-26T15:55:38.394-04:00","source":{"id":"0","name":"eventBus"}}
{"__type":"$$EventMessageNode","id":"c022f5d6-0588-486f-bf5c-f11bfc74dfa7","ts":"2026-05-26T15:55:38.395-04:00","eventName":"n8n.node.finished","message":"n8n.node.finished","payload":{"workflowId":"Em7tKDGUXxBu9x88","workflowName":"Certificados EPS Simple","executionId":"505","nodeType":"n8n-nodes-base.splitInBatches","nodeName":"Descagando todos los Certificados","nodeId":"b755fe77-2f03-4f1a-bfcf-db705987fbc8"}}
{"__type":"$$EventMessageConfirm","confirm":"c022f5d6-0588-486f-bf5c-f11bfc74dfa7","ts":"2026-05-26T15:55:38.395-04:00","source":{"id":"0","name":"eventBus"}}
{"__type":"$$EventMessageNode","id":"99882c87-cdb0-4973-a9f0-ef1827434cbd","ts":"2026-05-26T15:55:38.396-04:00","eventName":"n8n.node.started","message":"n8n.node.started","payload":{"workflowId":"Em7tKDGUXxBu9x88","workflowName":"Certificados EPS Simple","executionId":"505","nodeType":"n8n-nodes-base.httpRequest","nodeName":"Descarga certificado planilla","nodeId":"2f25f7dc-07d5-4df8-a480-b7c06ab9b2d7"}}
{"__type":"$$EventMessageConfirm","confirm":"99882c87-cdb0-4973-a9f0-ef1827434cbd","ts":"2026-05-26T15:55:38.396-04:00","source":{"id":"0","name":"eventBus"}}
{"__type":"$$EventMessageNode","id":"55e18af3-bcda-44d8-89d0-acffe7303297","ts":"2026-05-26T15:55:38.442-04:00","eventName":"n8n.node.finished","message":"n8n.node.finished","payload":{"workflowId":"Em7tKDGUXxBu9x88","workflowName":"Certificados EPS Simple","executionId":"505","nodeType":"n8n-nodes-base.httpRequest","nodeName":"Descarga certificado planilla","nodeId":"2f25f7dc-07d5-4df8-a480-b7c06ab9b2d7"}}
{"__type":"$$EventMessageConfirm","confirm":"55e18af3-bcda-44d8-89d0-acffe7303297","ts":"2026-05-26T15:55:38.442-04:00","source":{"id":"0","name":"eventBus"}}
{"__type":"$$EventMessageNode","id":"66bf84d7-bcd4-42f2-9229-a81376e57b45","ts":"2026-05-26T15:55:38.443-04:00","eventName":"n8n.node.started","message":"n8n.node.started","payload":{"workflowId":"Em7tKDGUXxBu9x88","workflowName":"Certificados EPS Simple","executionId":"505","nodeType":"n8n-nodes-base.noOp","nodeName":"Replace Me","nodeId":"9fb7b245-60e0-4dd6-b768-ba3635984a90"}}
{"__type":"$$EventMessageConfirm","confirm":"66bf84d7-bcd4-42f2-9229-a81376e57b45","ts":"2026-05-26T15:55:38.443-04:00","source":{"id":"0","name":"eventBus"}}
{"__type":"$$EventMessageNode","id":"1581b3f8-6220-4563-9a45-15d76042aab7","ts":"2026-05-26T15:55:38.444-04:00","eventName":"n8n.node.finished","message":"n8n.node.finished","payload":{"workflowId":"Em7tKDGUXxBu9x88","workflowName":"Certificados EPS Simple","executionId":"505","nodeType":"n8n-nodes-base.noOp","nodeName":"Replace Me","nodeId":"9fb7b245-60e0-4dd6-b768-ba3635984a90"}}
{"__type":"$$EventMessageConfirm","confirm":"1581b3f8-6220-4563-9a45-15d76042aab7","ts":"2026-05-26T15:55:38.444-04:00","source":{"id":"0","name":"eventBus"}}
{"__type":"$$EventMessageNode","id":"2f143854-f86a-47ea-a2fb-39616915c933","ts":"2026-05-26T15:55:38.445-04:00","eventName":"n8n.node.started","message":"n8n.node.started","payload":{"workflowId":"Em7tKDGUXxBu9x88","workflowName":"Certificados EPS Simple","executionId":"505","nodeType":"n8n-nodes-base.splitInBatches","nodeName":"Descagando todos los Certificados","nodeId":"b755fe77-2f03-4f1a-bfcf-db705987fbc8"}}
{"__type":"$$EventMessageConfirm","confirm":"2f143854-f86a-47ea-a2fb-39616915c933","ts":"2026-05-26T15:55:38.445-04:00","source":{"id":"0","name":"eventBus"}}
{"__type":"$$EventMessageNode","id":"d6ce71e7-7630-4abd-b4d3-80e9a5f2dbfa","ts":"2026-05-26T15:55:38.446-04:00","eventName":"n8n.node.finished","message":"n8n.node.finished","payload":{"workflowId":"Em7tKDGUXxBu9x88","workflowName":"Certificados EPS Simple","executionId":"505","nodeType":"n8n-nodes-base.splitInBatches","nodeName":"Descagando todos los Certificados","nodeId":"b755fe77-2f03-4f1a-bfcf-db705987fbc8"}}
{"__type":"$$EventMessageConfirm","confirm":"d6ce71e7-7630-4abd-b4d3-80e9a5f2dbfa","ts":"2026-05-26T15:55:38.446-04:00","source":{"id":"0","name":"eventBus"}}
{"__type":"$$EventMessageNode","id":"207822b6-5cc6-4f6b-a21b-fe75af2f53da","ts":"2026-05-26T15:55:38.447-04:00","eventName":"n8n.node.started","message":"n8n.node.started","payload":{"workflowId":"Em7tKDGUXxBu9x88","workflowName":"Certificados EPS Simple","executionId":"505","nodeType":"n8n-nodes-base.httpRequest","nodeName":"Descarga certificado planilla","nodeId":"2f25f7dc-07d5-4df8-a480-b7c06ab9b2d7"}}
{"__type":"$$EventMessageConfirm","confirm":"207822b6-5cc6-4f6b-a21b-fe75af2f53da","ts":"2026-05-26T15:55:38.447-04:00","source":{"id":"0","name":"eventBus"}}
{"__type":"$$EventMessageNode","id":"b2768fec-32d6-40e8-acc6-5046b422b7ab","ts":"2026-05-26T15:57:16.688-04:00","eventName":"n8n.node.finished","message":"n8n.node.finished","payload":{"workflowId":"Em7tKDGUXxBu9x88","workflowName":"Certificados EPS Simple","executionId":"505","nodeType":"n8n-nodes-base.httpRequest","nodeName":"Descarga certificado planilla","nodeId":"2f25f7dc-07d5-4df8-a480-b7c06ab9b2d7"}}
{"__type":"$$EventMessageConfirm","confirm":"b2768fec-32d6-40e8-acc6-5046b422b7ab","ts":"2026-05-26T15:57:16.688-04:00","source":{"id":"0","name":"eventBus"}}
{"__type":"$$EventMessageNode","id":"5a88606c-8ac1-4a9a-80c1-c36a4a9e40cc","ts":"2026-05-26T15:57:16.690-04:00","eventName":"n8n.node.started","message":"n8n.node.started","payload":{"workflowId":"Em7tKDGUXxBu9x88","workflowName":"Certificados EPS Simple","executionId":"505","nodeType":"n8n-nodes-base.noOp","nodeName":"Replace Me","nodeId":"9fb7b245-60e0-4dd6-b768-ba3635984a90"}}
{"__type":"$$EventMessageConfirm","confirm":"5a88606c-8ac1-4a9a-80c1-c36a4a9e40cc","ts":"2026-05-26T15:57:16.690-04:00","source":{"id":"0","name":"eventBus"}}
{"__type":"$$EventMessageNode","id":"3c3a4e6c-e138-4938-b67b-ead2373bdbf8","ts":"2026-05-26T15:57:16.691-04:00","eventName":"n8n.node.finished","message":"n8n.node.finished","payload":{"workflowId":"Em7tKDGUXxBu9x88","workflowName":"Certificados EPS Simple","executionId":"505","nodeType":"n8n-nodes-base.noOp","nodeName":"Replace Me","nodeId":"9fb7b245-60e0-4dd6-b768-ba3635984a90"}}
{"__type":"$$EventMessageConfirm","confirm":"3c3a4e6c-e138-4938-b67b-ead2373bdbf8","ts":"2026-05-26T15:57:16.691-04:00","source":{"id":"0","name":"eventBus"}}
{"__type":"$$EventMessageNode","id":"e97ad4d8-ab8d-4280-ae20-e3d2df716739","ts":"2026-05-26T15:57:16.692-04:00","eventName":"n8n.node.started","message":"n8n.node.started","payload":{"workflowId":"Em7tKDGUXxBu9x88","workflowName":"Certificados EPS Simple","executionId":"505","nodeType":"n8n-nodes-base.splitInBatches","nodeName":"Descagando todos los Certificados","nodeId":"b755fe77-2f03-4f1a-bfcf-db705987fbc8"}}
{"__type":"$$EventMessageConfirm","confirm":"e97ad4d8-ab8d-4280-ae20-e3d2df716739","ts":"2026-05-26T15:57:16.692-04:00","source":{"id":"0","name":"eventBus"}}
{"__type":"$$EventMessageNode","id":"a49fd041-024e-4e61-b5c8-7183d5621627","ts":"2026-05-26T15:57:16.693-04:00","eventName":"n8n.node.finished","message":"n8n.node.finished","payload":{"workflowId":"Em7tKDGUXxBu9x88","workflowName":"Certificados EPS Simple","executionId":"505","nodeType":"n8n-nodes-base.splitInBatches","nodeName":"Descagando todos los Certificados","nodeId":"b755fe77-2f03-4f1a-bfcf-db705987fbc8"}}
{"__type":"$$EventMessageConfirm","confirm":"a49fd041-024e-4e61-b5c8-7183d5621627","ts":"2026-05-26T15:57:16.693-04:00","source":{"id":"0","name":"eventBus"}}
{"__type":"$$EventMessageNode","id":"0e7577df-0da2-476a-abc9-ad37ac9d9d2a","ts":"2026-05-26T15:57:16.694-04:00","eventName":"n8n.node.started","message":"n8n.node.started","payload":{"workflowId":"Em7tKDGUXxBu9x88","workflowName":"Certificados EPS Simple","executionId":"505","nodeType":"n8n-nodes-base.merge","nodeName":"Merge2","nodeId":"d7cab5cf-0560-4222-8e9b-888afcf5a183"}}
{"__type":"$$EventMessageConfirm","confirm":"0e7577df-0da2-476a-abc9-ad37ac9d9d2a","ts":"2026-05-26T15:57:16.694-04:00","source":{"id":"0","name":"eventBus"}}
{"__type":"$$EventMessageNode","id":"6a053693-7f1b-4589-a388-531841c43249","ts":"2026-05-26T15:57:16.697-04:00","eventName":"n8n.node.finished","message":"n8n.node.finished","payload":{"workflowId":"Em7tKDGUXxBu9x88","workflowName":"Certificados EPS Simple","executionId":"505","nodeType":"n8n-nodes-base.merge","nodeName":"Merge2","nodeId":"d7cab5cf-0560-4222-8e9b-888afcf5a183"}}
{"__type":"$$EventMessageConfirm","confirm":"6a053693-7f1b-4589-a388-531841c43249","ts":"2026-05-26T15:57:16.697-04:00","source":{"id":"0","name":"eventBus"}}
{"__type":"$$EventMessageNode","id":"0de09932-4076-401a-bd8b-23a338c8185c","ts":"2026-05-26T15:57:16.698-04:00","eventName":"n8n.node.started","message":"n8n.node.started","payload":{"workflowId":"Em7tKDGUXxBu9x88","workflowName":"Certificados EPS Simple","executionId":"505","nodeType":"n8n-nodes-base.readWriteFile","nodeName":"Read/Write Files from Disk1","nodeId":"fa322019-fff6-4c52-bc26-bd0c163a951a"}}
{"__type":"$$EventMessageConfirm","confirm":"0de09932-4076-401a-bd8b-23a338c8185c","ts":"2026-05-26T15:57:16.699-04:00","source":{"id":"0","name":"eventBus"}}
{"__type":"$$EventMessageNode","id":"368fbef2-cb6c-4c05-b3a8-3eab3c0bcaf3","ts":"2026-05-26T15:57:16.737-04:00","eventName":"n8n.node.finished","message":"n8n.node.finished","payload":{"workflowId":"Em7tKDGUXxBu9x88","workflowName":"Certificados EPS Simple","executionId":"505","nodeType":"n8n-nodes-base.readWriteFile","nodeName":"Read/Write Files from Disk1","nodeId":"fa322019-fff6-4c52-bc26-bd0c163a951a"}}
{"__type":"$$EventMessageConfirm","confirm":"368fbef2-cb6c-4c05-b3a8-3eab3c0bcaf3","ts":"2026-05-26T15:57:16.738-04:00","source":{"id":"0","name":"eventBus"}}
{"__type":"$$EventMessageNode","id":"44c9288e-59ae-4f2b-affc-927c44ebba61","ts":"2026-05-26T15:57:16.740-04:00","eventName":"n8n.node.started","message":"n8n.node.started","payload":{"workflowId":"Em7tKDGUXxBu9x88","workflowName":"Certificados EPS Simple","executionId":"505","nodeType":"n8n-nodes-base.code","nodeName":"Code in JavaScript","nodeId":"a7fa8b43-e9df-4167-8d13-2dd77e5a83cc"}}
{"__type":"$$EventMessageConfirm","confirm":"44c9288e-59ae-4f2b-affc-927c44ebba61","ts":"2026-05-26T15:57:16.740-04:00","source":{"id":"0","name":"eventBus"}}
{"__type":"$$EventMessageNode","id":"712fa5ff-82af-403b-abd9-1de2d7e33c2c","ts":"2026-05-26T15:57:16.828-04:00","eventName":"n8n.node.finished","message":"n8n.node.finished","payload":{"workflowId":"Em7tKDGUXxBu9x88","workflowName":"Certificados EPS Simple","executionId":"505","nodeType":"n8n-nodes-base.code","nodeName":"Code in JavaScript","nodeId":"a7fa8b43-e9df-4167-8d13-2dd77e5a83cc"}}
{"__type":"$$EventMessageConfirm","confirm":"712fa5ff-82af-403b-abd9-1de2d7e33c2c","ts":"2026-05-26T15:57:16.831-04:00","source":{"id":"0","name":"eventBus"}}
{"__type":"$$EventMessageNode","id":"b81798b8-fff0-47af-9f3e-cbcb3fa6f235","ts":"2026-05-26T15:57:16.835-04:00","eventName":"n8n.node.started","message":"n8n.node.started","payload":{"workflowId":"Em7tKDGUXxBu9x88","workflowName":"Certificados EPS Simple","executionId":"505","nodeType":"n8n-nodes-base.splitInBatches","nodeName":"Loop Over Items","nodeId":"e3bcce7a-de3f-480a-8270-aacfcac39cdb"}}
{"__type":"$$EventMessageConfirm","confirm":"b81798b8-fff0-47af-9f3e-cbcb3fa6f235","ts":"2026-05-26T15:57:16.835-04:00","source":{"id":"0","name":"eventBus"}}
{"__type":"$$EventMessageNode","id":"e30315da-119f-48bb-8b06-800a8eb90073","ts":"2026-05-26T15:57:16.837-04:00","eventName":"n8n.node.finished","message":"n8n.node.finished","payload":{"workflowId":"Em7tKDGUXxBu9x88","workflowName":"Certificados EPS Simple","executionId":"505","nodeType":"n8n-nodes-base.splitInBatches","nodeName":"Loop Over Items","nodeId":"e3bcce7a-de3f-480a-8270-aacfcac39cdb"}}
{"__type":"$$EventMessageConfirm","confirm":"e30315da-119f-48bb-8b06-800a8eb90073","ts":"2026-05-26T15:57:16.837-04:00","source":{"id":"0","name":"eventBus"}}
{"__type":"$$EventMessageNode","id":"90acc268-b5af-4cce-af7d-87d412f86f1a","ts":"2026-05-26T15:57:16.838-04:00","eventName":"n8n.node.started","message":"n8n.node.started","payload":{"workflowId":"Em7tKDGUXxBu9x88","workflowName":"Certificados EPS Simple","executionId":"505","nodeType":"n8n-nodes-base.set","nodeName":"Edit Fields1","nodeId":"5af5e403-93dd-4358-a1fa-cccd4cb2f98e"}}
{"__type":"$$EventMessageConfirm","confirm":"90acc268-b5af-4cce-af7d-87d412f86f1a","ts":"2026-05-26T15:57:16.839-04:00","source":{"id":"0","name":"eventBus"}}
{"__type":"$$EventMessageNode","id":"f67c4cc9-e03d-481f-b307-aee91128bae3","ts":"2026-05-26T15:57:16.880-04:00","eventName":"n8n.node.finished","message":"n8n.node.finished","payload":{"workflowId":"Em7tKDGUXxBu9x88","workflowName":"Certificados EPS Simple","executionId":"505","nodeType":"n8n-nodes-base.set","nodeName":"Edit Fields1","nodeId":"5af5e403-93dd-4358-a1fa-cccd4cb2f98e"}}
{"__type":"$$EventMessageConfirm","confirm":"f67c4cc9-e03d-481f-b307-aee91128bae3","ts":"2026-05-26T15:57:16.881-04:00","source":{"id":"0","name":"eventBus"}}
{"__type":"$$EventMessageNode","id":"737c743d-cfc4-4293-b3da-7fec1aac987b","ts":"2026-05-26T15:57:16.883-04:00","eventName":"n8n.node.started","message":"n8n.node.started","payload":{"workflowId":"Em7tKDGUXxBu9x88","workflowName":"Certificados EPS Simple","executionId":"505","nodeType":"n8n-nodes-base.httpRequest","nodeName":"HTTP Request","nodeId":"529259b7-4b99-46a4-b04b-44e167ade5d5"}}
{"__type":"$$EventMessageConfirm","confirm":"737c743d-cfc4-4293-b3da-7fec1aac987b","ts":"2026-05-26T15:57:16.884-04:00","source":{"id":"0","name":"eventBus"}}
{"__type":"$$EventMessageNode","id":"ac187a57-6036-478e-9915-f2fda9ce813a","ts":"2026-05-26T15:57:17.648-04:00","eventName":"n8n.node.finished","message":"n8n.node.finished","payload":{"workflowId":"Em7tKDGUXxBu9x88","workflowName":"Certificados EPS Simple","executionId":"505","nodeType":"n8n-nodes-base.httpRequest","nodeName":"HTTP Request","nodeId":"529259b7-4b99-46a4-b04b-44e167ade5d5"}}
{"__type":"$$EventMessageConfirm","confirm":"ac187a57-6036-478e-9915-f2fda9ce813a","ts":"2026-05-26T15:57:17.649-04:00","source":{"id":"0","name":"eventBus"}}
{"__type":"$$EventMessageNode","id":"bd9727dd-220e-45b7-9fbe-afb2c68cc958","ts":"2026-05-26T15:57:17.650-04:00","eventName":"n8n.node.started","message":"n8n.node.started","payload":{"workflowId":"Em7tKDGUXxBu9x88","workflowName":"Certificados EPS Simple","executionId":"505","nodeType":"n8n-nodes-base.noOp","nodeName":"Replace Me1","nodeId":"8019a96e-1906-4c07-a26b-2f817801b80d"}}
{"__type":"$$EventMessageConfirm","confirm":"bd9727dd-220e-45b7-9fbe-afb2c68cc958","ts":"2026-05-26T15:57:17.650-04:00","source":{"id":"0","name":"eventBus"}}
{"__type":"$$EventMessageNode","id":"973a180e-51ed-4502-984e-752744ed0769","ts":"2026-05-26T15:57:17.650-04:00","eventName":"n8n.node.finished","message":"n8n.node.finished","payload":{"workflowId":"Em7tKDGUXxBu9x88","workflowName":"Certificados EPS Simple","executionId":"505","nodeType":"n8n-nodes-base.noOp","nodeName":"Replace Me1","nodeId":"8019a96e-1906-4c07-a26b-2f817801b80d"}}
{"__type":"$$EventMessageConfirm","confirm":"973a180e-51ed-4502-984e-752744ed0769","ts":"2026-05-26T15:57:17.651-04:00","source":{"id":"0","name":"eventBus"}}
{"__type":"$$EventMessageNode","id":"9b8820db-94cc-4e00-9b7f-54090b3fb975","ts":"2026-05-26T15:57:17.651-04:00","eventName":"n8n.node.started","message":"n8n.node.started","payload":{"workflowId":"Em7tKDGUXxBu9x88","workflowName":"Certificados EPS Simple","executionId":"505","nodeType":"n8n-nodes-base.splitInBatches","nodeName":"Loop Over Items","nodeId":"e3bcce7a-de3f-480a-8270-aacfcac39cdb"}}
{"__type":"$$EventMessageConfirm","confirm":"9b8820db-94cc-4e00-9b7f-54090b3fb975","ts":"2026-05-26T15:57:17.651-04:00","source":{"id":"0","name":"eventBus"}}
{"__type":"$$EventMessageNode","id":"2fbe27d5-5eab-4d31-bc4a-0c1c5e1e9f6d","ts":"2026-05-26T15:57:17.652-04:00","eventName":"n8n.node.finished","message":"n8n.node.finished","payload":{"workflowId":"Em7tKDGUXxBu9x88","workflowName":"Certificados EPS Simple","executionId":"505","nodeType":"n8n-nodes-base.splitInBatches","nodeName":"Loop Over Items","nodeId":"e3bcce7a-de3f-480a-8270-aacfcac39cdb"}}
{"__type":"$$EventMessageConfirm","confirm":"2fbe27d5-5eab-4d31-bc4a-0c1c5e1e9f6d","ts":"2026-05-26T15:57:17.652-04:00","source":{"id":"0","name":"eventBus"}}
{"__type":"$$EventMessageNode","id":"fb39d73b-aba8-4529-a9fd-4b413f3b55cc","ts":"2026-05-26T15:57:17.653-04:00","eventName":"n8n.node.started","message":"n8n.node.started","payload":{"workflowId":"Em7tKDGUXxBu9x88","workflowName":"Certificados EPS Simple","executionId":"505","nodeType":"n8n-nodes-base.merge","nodeName":"Merge1","nodeId":"e34a7435-143c-44fb-872f-f9fe9b248122"}}
{"__type":"$$EventMessageConfirm","confirm":"fb39d73b-aba8-4529-a9fd-4b413f3b55cc","ts":"2026-05-26T15:57:17.654-04:00","source":{"id":"0","name":"eventBus"}}
{"__type":"$$EventMessageNode","id":"6dfb1948-70d0-4bae-9575-88501f4f183c","ts":"2026-05-26T15:57:17.656-04:00","eventName":"n8n.node.finished","message":"n8n.node.finished","payload":{"workflowId":"Em7tKDGUXxBu9x88","workflowName":"Certificados EPS Simple","executionId":"505","nodeType":"n8n-nodes-base.merge","nodeName":"Merge1","nodeId":"e34a7435-143c-44fb-872f-f9fe9b248122"}}
{"__type":"$$EventMessageConfirm","confirm":"6dfb1948-70d0-4bae-9575-88501f4f183c","ts":"2026-05-26T15:57:17.656-04:00","source":{"id":"0","name":"eventBus"}}
{"__type":"$$EventMessageNode","id":"d1056fc6-987d-4af9-b7f7-984918a3646f","ts":"2026-05-26T15:57:17.657-04:00","eventName":"n8n.node.started","message":"n8n.node.started","payload":{"workflowId":"Em7tKDGUXxBu9x88","workflowName":"Certificados EPS Simple","executionId":"505","nodeType":"n8n-nodes-base.httpRequest","nodeName":"Consulta Clientes Planillas","nodeId":"6868866b-8a2e-4d85-a33c-023957862282"}}
{"__type":"$$EventMessageConfirm","confirm":"d1056fc6-987d-4af9-b7f7-984918a3646f","ts":"2026-05-26T15:57:17.657-04:00","source":{"id":"0","name":"eventBus"}}
{"__type":"$$EventMessageNode","id":"c0dec969-b7e5-477e-9107-be4ae0c6837f","ts":"2026-05-26T15:57:21.658-04:00","eventName":"n8n.node.finished","message":"n8n.node.finished","payload":{"workflowId":"Em7tKDGUXxBu9x88","workflowName":"Certificados EPS Simple","executionId":"505","nodeType":"n8n-nodes-base.httpRequest","nodeName":"Consulta Clientes Planillas","nodeId":"6868866b-8a2e-4d85-a33c-023957862282"}}
{"__type":"$$EventMessageConfirm","confirm":"c0dec969-b7e5-477e-9107-be4ae0c6837f","ts":"2026-05-26T15:57:21.658-04:00","source":{"id":"0","name":"eventBus"}}
{"__type":"$$EventMessageNode","id":"634a5f08-2c97-4f87-858a-bf905360cfcf","ts":"2026-05-26T15:57:21.659-04:00","eventName":"n8n.node.started","message":"n8n.node.started","payload":{"workflowId":"Em7tKDGUXxBu9x88","workflowName":"Certificados EPS Simple","executionId":"505","nodeType":"n8n-nodes-base.splitOut","nodeName":"Split Out1","nodeId":"d0b45094-4866-4643-b5af-c7f6b28af5e6"}}
{"__type":"$$EventMessageConfirm","confirm":"634a5f08-2c97-4f87-858a-bf905360cfcf","ts":"2026-05-26T15:57:21.659-04:00","source":{"id":"0","name":"eventBus"}}
{"__type":"$$EventMessageNode","id":"2bee5709-7499-4041-82ff-2ee115b4f0fd","ts":"2026-05-26T15:57:21.660-04:00","eventName":"n8n.node.finished","message":"n8n.node.finished","payload":{"workflowId":"Em7tKDGUXxBu9x88","workflowName":"Certificados EPS Simple","executionId":"505","nodeType":"n8n-nodes-base.splitOut","nodeName":"Split Out1","nodeId":"d0b45094-4866-4643-b5af-c7f6b28af5e6"}}
{"__type":"$$EventMessageConfirm","confirm":"2bee5709-7499-4041-82ff-2ee115b4f0fd","ts":"2026-05-26T15:57:21.660-04:00","source":{"id":"0","name":"eventBus"}}
{"__type":"$$EventMessageNode","id":"879aae9b-10e9-4d48-a0ce-5b4180b9c604","ts":"2026-05-26T15:57:21.660-04:00","eventName":"n8n.node.started","message":"n8n.node.started","payload":{"workflowId":"Em7tKDGUXxBu9x88","workflowName":"Certificados EPS Simple","executionId":"505","nodeType":"n8n-nodes-base.googleSheets","nodeName":"Lista Usuarios Planillas","nodeId":"f8648e3f-1a71-42f3-87f2-49813c059c7e"}}
{"__type":"$$EventMessageConfirm","confirm":"879aae9b-10e9-4d48-a0ce-5b4180b9c604","ts":"2026-05-26T15:57:21.661-04:00","source":{"id":"0","name":"eventBus"}}
{"__type":"$$EventMessageNode","id":"5a6d8f51-215e-46d0-99ea-87c8e941ef54","ts":"2026-05-26T15:57:24.121-04:00","eventName":"n8n.node.finished","message":"n8n.node.finished","payload":{"workflowId":"Em7tKDGUXxBu9x88","workflowName":"Certificados EPS Simple","executionId":"505","nodeType":"n8n-nodes-base.googleSheets","nodeName":"Lista Usuarios Planillas","nodeId":"f8648e3f-1a71-42f3-87f2-49813c059c7e"}}
{"__type":"$$EventMessageConfirm","confirm":"5a6d8f51-215e-46d0-99ea-87c8e941ef54","ts":"2026-05-26T15:57:24.122-04:00","source":{"id":"0","name":"eventBus"}}
{"__type":"$$EventMessageNode","id":"abd14d5f-dc41-4cb6-82f8-04b8b92a6db0","ts":"2026-05-26T15:57:24.122-04:00","eventName":"n8n.node.started","message":"n8n.node.started","payload":{"workflowId":"Em7tKDGUXxBu9x88","workflowName":"Certificados EPS Simple","executionId":"505","nodeType":"n8n-nodes-base.executeCommand","nodeName":"Execute Command","nodeId":"94bff343-a977-43fe-8f06-f81857d6c0df"}}
{"__type":"$$EventMessageConfirm","confirm":"abd14d5f-dc41-4cb6-82f8-04b8b92a6db0","ts":"2026-05-26T15:57:24.122-04:00","source":{"id":"0","name":"eventBus"}}
{"__type":"$$EventMessageNode","id":"6529484a-13ca-43c4-ad40-4171dc9dbd0a","ts":"2026-05-26T15:57:24.152-04:00","eventName":"n8n.node.finished","message":"n8n.node.finished","payload":{"workflowId":"Em7tKDGUXxBu9x88","workflowName":"Certificados EPS Simple","executionId":"505","nodeType":"n8n-nodes-base.executeCommand","nodeName":"Execute Command","nodeId":"94bff343-a977-43fe-8f06-f81857d6c0df"}}
{"__type":"$$EventMessageConfirm","confirm":"6529484a-13ca-43c4-ad40-4171dc9dbd0a","ts":"2026-05-26T15:57:24.152-04:00","source":{"id":"0","name":"eventBus"}}
{"__type":"$$EventMessageWorkflow","id":"ed3f5e26-0559-4594-b16a-318f1b6f446a","ts":"2026-05-26T15:57:24.170-04:00","eventName":"n8n.workflow.success","message":"n8n.workflow.success","payload":{"executionId":"505","success":true,"isManual":true,"workflowId":"Em7tKDGUXxBu9x88","workflowName":"Certificados EPS Simple"}}
{"__type":"$$EventMessageConfirm","confirm":"ed3f5e26-0559-4594-b16a-318f1b6f446a","ts":"2026-05-26T15:57:24.171-04:00","source":{"id":"0","name":"eventBus"}}
